root@ctudose:~# vault status
Key                Value
---                -----
Seal Type          shamir
Initialized        true
Sealed             true
Total Shares       5
Threshold          3
Unseal Progress    0/3
Unseal Nonce       n/a
Version            1.18.3
Build Date         2024-12-16T14:00:53Z
Storage Type       file
HA Enabled         false
root@ctudose:~# vault login h
Error authenticating: error looking up token: Error making API request.

URL: GET http://127.0.0.1:8200/v1/auth/token/lookup-self
Code: 503. Errors:

* Vault is sealed
root@ctudose:~# vault operator unseal
...
root@ctudose:~# vault status
Key             Value
---             -----
Seal Type       shamir
Initialized     true
Sealed          false
Total Shares    5
Threshold       3
Version         1.18.3
Build Date      2024-12-16T14:00:53Z
Storage Type    file
Cluster Name    vault-cluster-08459538
Cluster ID      3b6c2a8b-d20f-0ca8-b53c-ade159be4a6a
HA Enabled      false
root@ctudose:~# vault login h
Success! You are now authenticated. The token information displayed below
is already stored in the token helper. You do NOT need to run "vault login"
again. Future Vault requests will automatically use this token.

Key                  Value
---                  -----
token                h
token_accessor       Y
token_duration       âˆž
token_renewable      false
token_policies       ["root"]
identity_policies    []
policies             ["root"]
root@ctudose:~# mkdir -p /var/log/vault
root@ctudose:~# chown vault:vault /var/log/vault
root@ctudose:~# ls -lda /var/log/vault
drwxr-xr-x 2 vault vault 4096 Apr  2 11:11 /var/log/vault
root@ctudose:~# vault audit enable file file_path=/var/log/vault/audit.log
Success! Enabled the file audit device at: file/
